// Jest Snapshot v1, https://goo.gl/fbAQLP

exports[`Dashboard snapShot 1`] = `
<View
  style={
    Object {
      "alignItems": "center",
      "backgroundColor": "#000000",
      "height": "100%",
      "justifyContent": "center",
      "width": "100%",
    }
  }
>
  <Text
    style={
      Object {
        "color": "#FFFFFF",
        "fontSize": 25,
      }
    }
  >
    Star war Character list
  </Text>
  <View
    accessibilityRole="button"
    accessibilityState={Object {}}
    accessible={true}
    focusable={true}
    onClick={[Function]}
    onResponderGrant={[Function]}
    onResponderMove={[Function]}
    onResponderRelease={[Function]}
    onResponderTerminate={[Function]}
    onResponderTerminationRequest={[Function]}
    onStartShouldSetResponder={[Function]}
    style={
      Object {
        "opacity": 1,
      }
    }
  >
    <View
      style={
        Array [
          Object {},
        ]
      }
    >
      <Text
        style={
          Array [
            Object {
              "color": "#007AFF",
              "fontSize": 18,
              "margin": 8,
              "textAlign": "center",
            },
            Object {
              "color": "#006400",
            },
          ]
        }
      >
        GET STARTED
      </Text>
    </View>
  </View>
</View>
`;
